--- Starting Backend API Tests ---

1. Testing /register
python : Traceback 
(most recent call 
last):
At line:1 char:1
+ python 
backend_test.py > 
test_output.txt 2>&1
+ ~~~~~~~~~~~~~~~~~~~
~~~~~~~~~~~~~~~~~~~~~
~~~~~
    + CategoryInfo   
           : NotSpe  
  cified: (Traceba   
 ck (most recent     
call last)::Stri    
ng) [], RemoteEx    
ception
    + FullyQualified 
   ErrorId : Native  
  CommandError
 
  File "C:\Projects\w
omen-safety\backend_t
est.py", line 45, in 
test_endpoints
    print("   \u2705 
Register Success")
  File "C:\Users\para
n\AppData\Local\Progr
ams\Python\Python312\
Lib\encodings\cp1252.
py", line 19, in 
encode
    return codecs.cha
rmap_encode(input,sel
f.errors,encoding_tab
le)[0]
           ^^^^^^^^^^
^^^^^^^^^^^^^^^^^^^^^
^^^^^^^^^^^^^^^^^^^^^
^^^
UnicodeEncodeError: 
'charmap' codec 
can't encode 
character '\u2705' 
in position 3: 
character maps to 
<undefined>

During handling of 
the above exception, 
another exception 
occurred:

Traceback (most 
recent call last):
  File "C:\Projects\w
omen-safety\backend_t
est.py", line 166, 
in <module>
    test_endpoints()
  File "C:\Projects\w
omen-safety\backend_t
est.py", line 52, in 
test_endpoints
    print(f"   
\u274c Register 
Exception: {e}")
  File "C:\Users\para
n\AppData\Local\Progr
ams\Python\Python312\
Lib\encodings\cp1252.
py", line 19, in 
encode
    return codecs.cha
rmap_encode(input,sel
f.errors,encoding_tab
le)[0]
           ^^^^^^^^^^
^^^^^^^^^^^^^^^^^^^^^
^^^^^^^^^^^^^^^^^^^^^
^^^
UnicodeEncodeError: 
'charmap' codec 
can't encode 
character '\u274c' 
in position 3: 
character maps to 
<undefined>
